// Jest Snapshot v1, https://goo.gl/fbAQLP

exports[`<UseMemo /> renders without crashing 1`] = `"<div class=\\"App\\"><header class=\\"App-header\\"><h3>UseMemo</h3><h2 data-testid=\\"number-display\\">i : 0</h2><div data-testid=\\"render-count\\">render count : 0</div><div> <div data-testid=\\"render-count\\">render count : 0</div> </div><button data-testid=\\"incremental-button\\">Increment I</button></header></div>"`;
